###############################################################################
#
# IAR ELF Linker V7.20.2.7424/W32 for ARM                 12/Nov/2015  14:39:03
# Copyright 2007-2014 IAR Systems AB.
#
#    Output file  =  
#        F:\IC\CameraCar_1.0_K60_new1\build\dma_demo\Debug\Exe\fire_gpio_demo.out
#    Map file     =  
#        F:\IC\CameraCar_1.0_K60_new1\build\dma_demo\Debug\List\fire_gpio_demo.map
#    Command line =  
#        F:\IC\CameraCar_1.0_K60_new1\build\dma_demo\Debug\Obj\adc.o
#        F:\IC\CameraCar_1.0_K60_new1\build\dma_demo\Debug\Obj\alloc.o
#        F:\IC\CameraCar_1.0_K60_new1\build\dma_demo\Debug\Obj\arm_cm4.o
#        F:\IC\CameraCar_1.0_K60_new1\build\dma_demo\Debug\Obj\assert.o
#        F:\IC\CameraCar_1.0_K60_new1\build\dma_demo\Debug\Obj\Control.o
#        F:\IC\CameraCar_1.0_K60_new1\build\dma_demo\Debug\Obj\crt0.o
#        F:\IC\CameraCar_1.0_K60_new1\build\dma_demo\Debug\Obj\delay.o
#        F:\IC\CameraCar_1.0_K60_new1\build\dma_demo\Debug\Obj\dma.o
#        F:\IC\CameraCar_1.0_K60_new1\build\dma_demo\Debug\Obj\exti.o
#        F:\IC\CameraCar_1.0_K60_new1\build\dma_demo\Debug\Obj\FTM.o
#        F:\IC\CameraCar_1.0_K60_new1\build\dma_demo\Debug\Obj\GetBound.o
#        F:\IC\CameraCar_1.0_K60_new1\build\dma_demo\Debug\Obj\GetSpeed.o
#        F:\IC\CameraCar_1.0_K60_new1\build\dma_demo\Debug\Obj\gpio.o
#        F:\IC\CameraCar_1.0_K60_new1\build\dma_demo\Debug\Obj\init.o
#        F:\IC\CameraCar_1.0_K60_new1\build\dma_demo\Debug\Obj\io.o
#        F:\IC\CameraCar_1.0_K60_new1\build\dma_demo\Debug\Obj\isr.o
#        F:\IC\CameraCar_1.0_K60_new1\build\dma_demo\Debug\Obj\LED.o
#        F:\IC\CameraCar_1.0_K60_new1\build\dma_demo\Debug\Obj\lptmr.o
#        F:\IC\CameraCar_1.0_K60_new1\build\dma_demo\Debug\Obj\main.o
#        F:\IC\CameraCar_1.0_K60_new1\build\dma_demo\Debug\Obj\mcg.o
#        F:\IC\CameraCar_1.0_K60_new1\build\dma_demo\Debug\Obj\memtest.o
#        F:\IC\CameraCar_1.0_K60_new1\build\dma_demo\Debug\Obj\PIT.o
#        F:\IC\CameraCar_1.0_K60_new1\build\dma_demo\Debug\Obj\printf.o
#        F:\IC\CameraCar_1.0_K60_new1\build\dma_demo\Debug\Obj\queue.o
#        F:\IC\CameraCar_1.0_K60_new1\build\dma_demo\Debug\Obj\start.o
#        F:\IC\CameraCar_1.0_K60_new1\build\dma_demo\Debug\Obj\startup.o
#        F:\IC\CameraCar_1.0_K60_new1\build\dma_demo\Debug\Obj\stdlib.o
#        F:\IC\CameraCar_1.0_K60_new1\build\dma_demo\Debug\Obj\sysinit.o
#        F:\IC\CameraCar_1.0_K60_new1\build\dma_demo\Debug\Obj\uart.o
#        F:\IC\CameraCar_1.0_K60_new1\build\dma_demo\Debug\Obj\uif.o
#        F:\IC\CameraCar_1.0_K60_new1\build\dma_demo\Debug\Obj\vectors.o
#        F:\IC\CameraCar_1.0_K60_new1\build\dma_demo\Debug\Obj\wdog.o -o
#        F:\IC\CameraCar_1.0_K60_new1\build\dma_demo\Debug\Exe\fire_gpio_demo.out
#        --map
#        F:\IC\CameraCar_1.0_K60_new1\build\dma_demo\Debug\List\fire_gpio_demo.map
#        --config "F:\IC\CameraCar_1.0_K60_new1\build\dma_demo\..\config
#        files\fire_ROM_K60N512.icf" --semihosting --entry __iar_program_start
#        --vfe
#
###############################################################################

*******************************************************************************
*** RUNTIME MODEL ATTRIBUTES
***

CppFlavor       = *
__SystemLibrary = DLib


*******************************************************************************
*** PLACEMENT SUMMARY
***

"A1":  place at 0x00000000 { ro section .intvec };
"A2":  place at 0x00000410 { ro section .noinit };
"P1":  place in [from 0x00000000 to 0x00040000] { ro, block CodeRelocate };
"P2":  place in [from 0x1fff0410 to 0x20010000] {
          rw, block CodeRelocateRam, block CSTACK, block HEAP };

  Section              Kind        Address    Size  Object
  -------              ----        -------    ----  ------
"A1":                                        0x410
  .intvec              const    0x00000000   0x410  vectors.o [1]
                              - 0x00000410   0x410

"P1", part 1 of 2:                             0x0
  .rodata              const    0x00000410     0x0  zero_init3.o [5]

"A2":                                         0x3c
  .noinit              ro code  0x00000410    0x3c  crt0.o [1]
                              - 0x0000044c    0x3c

"P1", part 2 of 2:                          0x3d58
  .text                ro code  0x0000044c   0x90e  GetBound.o [1]
  .text                ro code  0x00000d5a    0x22  zero_init3.o [5]
  .text                ro code  0x00000d7c    0x2e  I32ToFlt.o [4]
  .text                ro code  0x00000daa     0x2  vectors.o [1]
  .text                ro code  0x00000dac    0x84  FltAdd.o [4]
  .text                ro code  0x00000e30    0xfc  FltDiv.o [4]
  .text                ro code  0x00000f2c    0x24  FltCmpGe.o [4]
  .text                ro code  0x00000f50    0xe6  FltSub.o [4]
  .text                ro code  0x00001038    0xd8  FltMul.o [4]
  .text                ro code  0x00001110    0x24  FltCmpLe.o [4]
  .text                ro code  0x00001134    0x1c  FltCmpEq.o [4]
  .text                ro code  0x00001150   0x144  gpio.o [1]
  .text                ro code  0x00001294   0x820  Control.o [1]
  .text                ro code  0x00001ab4    0x20  assert.o [1]
  .text                ro code  0x00001ad4    0x44  FltToS32.o [4]
  .text                ro code  0x00001b18   0x3e4  FTM.o [1]
  .text                ro code  0x00001efc    0xb4  LED.o [1]
  .text                ro code  0x00001fb0   0x55c  printf.o [1]
  .text                ro code  0x0000250c    0x24  delay.o [1]
  .text                ro code  0x00002530    0x20  stdlib.o [1]
  .text                ro code  0x00002550   0x520  start.o [1]
  .text                ro code  0x00002a70    0x38  wdog.o [1]
  .text                ro code  0x00002aa8    0xc0  startup.o [1]
  .text                ro code  0x00002b68    0x5c  sysinit.o [1]
  .text                ro code  0x00002bc4    0x28  main.o [1]
  .text                ro code  0x00002bec   0x15c  arm_cm4.o [1]
  Veneer               ro code  0x00002d48     0x8  - Linker created -
  .text                ro code  0x00002d50   0x304  mcg.o [1]
  .text                ro code  0x00003054   0x20c  uart.o [1]
  .text                ro code  0x00003260   0x17c  init.o [1]
  .text                ro code  0x000033dc    0x70  PIT.o [1]
  .text                ro code  0x0000344c   0x258  dma.o [1]
  .text                ro code  0x000036a4    0x6c  exti.o [1]
  .text                ro code  0x00003710   0x194  isr.o [1]
  .text                ro code  0x000038a4    0xc8  GetSpeed.o [1]
  .data_init                    0x0000396c    0xb8  <Block>
    Initializer bytes  ro data  0x0000396c    0xb8  <for .data-1>
  .rodata              const    0x00003a24    0x64  gpio.o [1]
  .rodata              const    0x00003a88    0x60  FTM.o [1]
  CodeRelocate                  0x00003ae8    0x50  <Block>
    Initializer bytes  ro data  0x00003ae8    0x50  <for CodeRelocateRam-1>
  .rodata              const    0x00003b38    0x4c  assert.o [1]
  .rodata              const    0x00003b84    0x48  start.o [1]
  .rodata              const    0x00003bcc    0x40  arm_cm4.o [1]
  .rodata              const    0x00003c0c    0x40  start.o [1]
  .rodata              const    0x00003c4c    0x3c  arm_cm4.o [1]
  .rodata              const    0x00003c88    0x3c  arm_cm4.o [1]
  .rodata              const    0x00003cc4    0x38  arm_cm4.o [1]
  .rodata              const    0x00003cfc    0x2c  start.o [1]
  .rodata              const    0x00003d28    0x28  start.o [1]
  .rodata              const    0x00003d50    0x28  start.o [1]
  .text                ro code  0x00003d78    0x28  data_init.o [5]
  .iar.init_table      const    0x00003da0    0x10  - Linker created -
  .rodata              const    0x00003db0    0x20  start.o [1]
  .rodata              const    0x00003dd0    0x20  start.o [1]
  .rodata              const    0x00003df0    0x20  start.o [1]
  .rodata              const    0x00003e10    0x20  start.o [1]
  .rodata              const    0x00003e30    0x20  start.o [1]
  .rodata              const    0x00003e50    0x1c  start.o [1]
  .rodata              const    0x00003e6c    0x1c  start.o [1]
  .rodata              const    0x00003e88    0x1c  start.o [1]
  .text                ro code  0x00003ea4    0x1a  cmain.o [5]
  .text                ro code  0x00003ebe     0x4  low_level_init.o [3]
  .text                ro code  0x00003ec2     0x4  exit.o [3]
  .text                ro code  0x00003ec8     0xa  cexit.o [5]
  .text                ro code  0x00003ed4    0x14  exit.o [6]
  .rodata              const    0x00003ee8    0x18  start.o [1]
  .rodata              const    0x00003f00    0x18  start.o [1]
  .rodata              const    0x00003f18    0x18  start.o [1]
  .rodata              const    0x00003f30    0x18  start.o [1]
  .rodata              const    0x00003f48    0x18  start.o [1]
  .rodata              const    0x00003f60    0x18  start.o [1]
  .rodata              const    0x00003f78    0x18  start.o [1]
  .rodata              const    0x00003f90    0x18  start.o [1]
  .rodata              const    0x00003fa8    0x14  start.o [1]
  .rodata              const    0x00003fbc    0x14  start.o [1]
  .rodata              const    0x00003fd0    0x14  start.o [1]
  .rodata              const    0x00003fe4    0x14  start.o [1]
  .rodata              const    0x00003ff8    0x14  start.o [1]
  .rodata              const    0x0000400c    0x14  start.o [1]
  .rodata              const    0x00004020    0x14  start.o [1]
  .rodata              const    0x00004034    0x14  start.o [1]
  .rodata              const    0x00004048    0x10  start.o [1]
  .rodata              const    0x00004058    0x10  start.o [1]
  .rodata              const    0x00004068    0x10  start.o [1]
  .rodata              const    0x00004078    0x10  start.o [1]
  .rodata              const    0x00004088    0x10  start.o [1]
  .rodata              const    0x00004098    0x10  start.o [1]
  .rodata              const    0x000040a8    0x10  start.o [1]
  .rodata              const    0x000040b8    0x10  start.o [1]
  .rodata              const    0x000040c8    0x10  start.o [1]
  .rodata              const    0x000040d8    0x10  start.o [1]
  .rodata              const    0x000040e8    0x10  start.o [1]
  .rodata              const    0x000040f8    0x10  start.o [1]
  .rodata              const    0x00004108    0x10  start.o [1]
  .text                ro code  0x00004118    0x10  io.o [1]
  .rodata              const    0x00004128     0xc  start.o [1]
  .rodata              const    0x00004134     0xc  start.o [1]
  .rodata              const    0x00004140     0xc  start.o [1]
  .rodata              const    0x0000414c     0xc  start.o [1]
  .text                ro code  0x00004158     0xc  cstartup_M.o [5]
  .rodata              const    0x00004164     0x8  start.o [1]
  .rodata              const    0x0000416c     0x8  start.o [1]
  .rodata              const    0x00004174     0x8  start.o [1]
  .rodata              const    0x0000417c     0x8  start.o [1]
  .rodata              const    0x00004184     0x8  start.o [1]
  .rodata              const    0x0000418c     0x8  start.o [1]
  .rodata              const    0x00004194     0x8  start.o [1]
  .rodata              const    0x0000419c     0x8  start.o [1]
                              - 0x000041a4  0x3d58

"P2":                                       0x1e4c
  .data                         0x1fff0410    0xb8  <Block>
    .data-1                     0x1fff0410    0xb8  <Init block>
      .data            inited   0x1fff0410     0x4  Control.o [1]
      .data            inited   0x1fff0414     0x4  Control.o [1]
      .data            inited   0x1fff0418     0x4  Control.o [1]
      .data            inited   0x1fff041c     0x4  Control.o [1]
      .data            inited   0x1fff0420     0x4  Control.o [1]
      .data            inited   0x1fff0424     0x4  Control.o [1]
      .data            inited   0x1fff0428     0x4  Control.o [1]
      .data            inited   0x1fff042c    0x3c  Control.o [1]
      .data            inited   0x1fff0468     0xc  FTM.o [1]
      .data            inited   0x1fff0474     0x4  GetBound.o [1]
      .data            inited   0x1fff0478     0x4  GetBound.o [1]
      .data            inited   0x1fff047c    0x14  gpio.o [1]
      .data            inited   0x1fff0490    0x14  gpio.o [1]
      .data            inited   0x1fff04a4     0x1  isr.o [1]
      .data            inited   0x1fff04a8     0x8  mcg.o [1]
      .data            inited   0x1fff04b0    0x18  uart.o [1]
  CodeRelocateRam               0x1fff04c8    0x50  <Block>
    CodeRelocateRam-1           0x1fff04c8    0x50  <Init block>
      .textrw          inited   0x1fff04c8    0x50  mcg.o [1]
  .bss                          0x1fff0518  0x1d44  <Block>
    .bss               zero     0x1fff0518     0x4  Control.o [1]
    .bss               zero     0x1fff051c     0x4  Control.o [1]
    .bss               zero     0x1fff0520     0x4  Control.o [1]
    .bss               zero     0x1fff0524     0x4  Control.o [1]
    .bss               zero     0x1fff0528     0x4  Control.o [1]
    .bss               zero     0x1fff052c     0x4  Control.o [1]
    .bss               zero     0x1fff0530     0x4  Control.o [1]
    .bss               zero     0x1fff0534     0x4  Control.o [1]
    .bss               zero     0x1fff0538     0x4  Control.o [1]
    .bss               zero     0x1fff053c     0x4  Control.o [1]
    .bss               zero     0x1fff0540     0x4  Control.o [1]
    .bss               zero     0x1fff0544     0x4  Control.o [1]
    .bss               zero     0x1fff0548     0x4  Control.o [1]
    .bss               zero     0x1fff054c     0x4  Control.o [1]
    .bss               zero     0x1fff0550     0x4  Control.o [1]
    .bss               zero     0x1fff0554    0x40  dma.o [1]
    .bss               zero     0x1fff0594     0x4  GetBound.o [1]
    .bss               zero     0x1fff0598     0x4  GetBound.o [1]
    .bss               zero     0x1fff059c     0x4  GetBound.o [1]
    .bss               zero     0x1fff05a0    0x64  GetBound.o [1]
    .bss               zero     0x1fff0604     0x4  GetBound.o [1]
    .bss               zero     0x1fff0608     0x4  GetBound.o [1]
    .bss               zero     0x1fff060c     0x4  GetBound.o [1]
    .bss               zero     0x1fff0610     0x4  GetBound.o [1]
    .bss               zero     0x1fff0614     0x4  GetSpeed.o [1]
    .bss               zero     0x1fff0618     0x4  GetSpeed.o [1]
    .bss               zero     0x1fff061c     0x4  GetSpeed.o [1]
    .bss               zero     0x1fff0620     0x4  GetSpeed.o [1]
    .bss               zero     0x1fff0624  0x1c20  isr.o [1]
    .bss               zero     0x1fff2244     0x4  isr.o [1]
    .bss               zero     0x1fff2248     0x4  main.o [1]
    .bss               zero     0x1fff224c     0x4  sysinit.o [1]
    .bss               zero     0x1fff2250     0x4  sysinit.o [1]
    .bss               zero     0x1fff2254     0x4  sysinit.o [1]
    .bss               zero     0x1fff2258     0x1  Control.o [1]
    .bss               zero     0x1fff2259     0x1  init.o [1]
    .bss               zero     0x1fff225a     0x1  isr.o [1]
    .bss               zero     0x1fff225b     0x1  isr.o [1]
                              - 0x1fff225c  0x1e4c


*******************************************************************************
*** INIT TABLE
***

          Address     Size
          -------     ----
Zero (__iar_zero_init3)
    1 destination range, total size 0x1d44:
          0x1fff0518  0x1d44



*******************************************************************************
*** MODULE SUMMARY
***

    Module            ro code  rw code  ro data  rw data
    ------            -------  -------  -------  -------
F:\IC\CameraCar_1.0_K60_new1\build\dma_demo\Debug\Obj: [1]
    Control.o           2 080                88      149
    FTM.o                 996               108       12
    GetBound.o          2 318                 8      136
    GetSpeed.o            200                         16
    LED.o                 180
    PIT.o                 112
    arm_cm4.o             348               240
    assert.o               32                76
    crt0.o                 60
    delay.o                36
    dma.o                 600                         64
    exti.o                108
    gpio.o                324               140       40
    init.o                380                          1
    io.o                   16
    isr.o                 404                 1    7 207
    main.o                 40                          4
    mcg.o                 772       80       91        8
    printf.o            1 372
    start.o             1 312             1 176
    startup.o             192
    stdlib.o               32
    sysinit.o              92                         12
    uart.o                524                24       24
    vectors.o               2             1 040
    wdog.o                 56
    ----------------------------------------------------
    Total:             12 588       80    2 992    7 673

command line: [2]
    ----------------------------------------------------
    Total:

dl7M_tln.a: [3]
    exit.o                  4
    low_level_init.o        4
    ----------------------------------------------------
    Total:                  8

m7M_tl.a: [4]
    FltAdd.o              132
    FltCmpEq.o             28
    FltCmpGe.o             36
    FltCmpLe.o             36
    FltDiv.o              252
    FltMul.o              216
    FltSub.o              230
    FltToS32.o             68
    I32ToFlt.o             46
    ----------------------------------------------------
    Total:              1 044

rt7M_tl.a: [5]
    cexit.o                10
    cmain.o                26
    cstartup_M.o           12
    data_init.o            40
    zero_init3.o           34
    ----------------------------------------------------
    Total:                122

shb_l.a: [6]
    exit.o                 20
    ----------------------------------------------------
    Total:                 20

    Gaps                    6                          3
    Linker created          8                16
--------------------------------------------------------
    Grand Total:       13 796       80    3 008    7 676


*******************************************************************************
*** ENTRY LIST
***

Entry                      Address    Size  Type      Object
-----                      -------    ----  ----      ------
.bss$$Base              0x1fff0518           --   Gb  - Linker created -
.bss$$Limit             0x1fff225c           --   Gb  - Linker created -
.data$$Base             0x1fff0410           --   Gb  - Linker created -
.data$$Limit            0x1fff04c8           --   Gb  - Linker created -
.data_init$$Base        0x0000396c           --   Gb  - Linker created -
.data_init$$Limit       0x00003a24           --   Gb  - Linker created -
?main                   0x00003ea5          Code  Gb  cmain.o [5]
ASSERT_FAILED_STR       0x00003b38    0x4c  Data  Gb  assert.o [1]
BufferData              0x1fff0624  0x1c20  Data  Gb  isr.o [1]
Chasu                   0x1fff0524     0x4  Data  Gb  Control.o [1]
Chasux                  0x1fff0428     0x4  Data  Gb  Control.o [1]
CodeRelocate$$Base      0x00003ae8           --   Gb  - Linker created -
CodeRelocate$$Limit     0x00003b38           --   Gb  - Linker created -
CodeRelocateRam$$Base   0x1fff04c8           --   Gb  - Linker created -
CodeRelocateRam$$Limit  0x1fff0518           --   Gb  - Linker created -
DMA_count_Init          0x0000344d   0x1f8  Code  Gb  dma.o [1]
DMA_count_get           0x00003645    0x1c  Code  Gb  dma.o [1]
DMA_count_reset         0x00003661    0x18  Code  Gb  dma.o [1]
Dbl_Count               0x1fff225b     0x1  Data  Gb  isr.o [1]
Direction_Control       0x000018c5   0x11e  Code  Gb  Control.o [1]
Direction_kP            0x1fff042c    0x3c  Data  Gb  Control.o [1]
Error                   0x1fff0594     0x4  Data  Gb  GetBound.o [1]
Error_Last              0x1fff0598     0x4  Data  Gb  GetBound.o [1]
Error_LastA             0x1fff05a0    0x64  Data  Gb  GetBound.o [1]
FTM_PWM_Duty            0x00001e3d    0x78  Code  Gb  FTM.o [1]
FTM_PWM_init            0x00001b19   0x324  Code  Gb  FTM.o [1]
FTMx                    0x1fff0468     0xc  Data  Gb  FTM.o [1]
Feedback_Speed          0x1fff0614     0x4  Data  Gb  GetSpeed.o [1]
Feedback_Speed_L        0x1fff0618     0x4  Data  Gb  GetSpeed.o [1]
Feedback_Speed_R        0x1fff061c     0x4  Data  Gb  GetSpeed.o [1]
GPIOx                   0x1fff047c    0x14  Data  Gb  gpio.o [1]
GetWay                  0x00000d05    0x56  Code  Gb  GetBound.o [1]
GetWayBound             0x000006bf   0x426  Code  Gb  GetBound.o [1]
GetWayCE                0x00000ae5   0x1ec  Code  Gb  GetBound.o [1]
GetWayStart             0x0000044d   0x272  Code  Gb  GetBound.o [1]
Get_Speed               0x000038a5    0xc8  Code  Gb  GetSpeed.o [1]
HERF_Count              0x1fff225a     0x1  Data  Gb  isr.o [1]
Is_Finish               0x1fff2259     0x1  Data  Gb  init.o [1]
Jiansu                  0x1fff0604     0x4  Data  Gb  GetBound.o [1]
Jiasu                   0x1fff0608     0x4  Data  Gb  GetBound.o [1]
Jiasuset                0x1fff0610     0x4  Data  Gb  GetBound.o [1]
LED_init                0x00001efd    0x34  Code  Gb  LED.o [1]
PIT0_IRQHandler         0x0000383d    0x3a  Code  Gb  isr.o [1]
PORTA_IRQHandler        0x00003711    0x38  Code  Gb  isr.o [1]
PORTE_IRQHandler        0x00003749    0xf4  Code  Gb  isr.o [1]
PORTX                   0x1fff0490    0x14  Data  Gb  gpio.o [1]
Qianzhan                0x1fff0474     0x4  Data  Gb  GetBound.o [1]
Red_Pulse               0x1fff0620     0x4  Data  Gb  GetSpeed.o [1]
Red_Pulse_flag          0x1fff0530     0x4  Data  Gb  Control.o [1]
Red_Pulse_n             0x1fff052c     0x4  Data  Gb  Control.o [1]
Red_Pulse_n2            0x1fff0528     0x4  Data  Gb  Control.o [1]
Region$$Table$$Base     0x00003da0           --   Gb  - Linker created -
Region$$Table$$Limit    0x00003db0           --   Gb  - Linker created -
Reset_Handler           0x00000411          Code  Gb  crt0.o [1]
Speed_Control           0x00001295   0x630  Code  Gb  Control.o [1]
Speed_Kd                0x1fff0424     0x4  Data  Gb  Control.o [1]
Speed_Ki                0x1fff0420     0x4  Data  Gb  Control.o [1]
Speed_Kp                0x1fff041c     0x4  Data  Gb  Control.o [1]
Speed_Set               0x1fff0518     0x4  Data  Gb  Control.o [1]
Speed_Set0              0x1fff0418     0x4  Data  Gb  Control.o [1]
Speed_Set00             0x1fff0414     0x4  Data  Gb  Control.o [1]
Speed_Set_L             0x1fff051c     0x4  Data  Gb  Control.o [1]
Speed_Set_R             0x1fff0520     0x4  Data  Gb  Control.o [1]
Start                   0x1fff2248     0x4  Data  Gb  main.o [1]
UARTx                   0x1fff04b0    0x18  Data  Gb  uart.o [1]
Vsync_flag              0x1fff04a4     0x1  Data  Gb  isr.o [1]
Zj                      0x1fff060c     0x4  Data  Gb  GetBound.o [1]
__BOOT_STACK_ADDRESS {Abs}
                        0x2000fff8           --   Gb  command line/config [2]
__VECTOR_RAM {Abs}      0x1fff0000           --   Gb  command line/config [2]
__VECTOR_TABLE {Abs}    0x00000000           --   Gb  command line/config [2]
__aeabi_cfcmpeq         0x00001135          Code  Gb  FltCmpEq.o [4]
__aeabi_cfcmple         0x00001111          Code  Gb  FltCmpLe.o [4]
__aeabi_cfrcmple        0x00000f2d          Code  Gb  FltCmpGe.o [4]
__aeabi_f2iz            0x00001ad5          Code  Gb  FltToS32.o [4]
__aeabi_fadd            0x00000dad          Code  Gb  FltAdd.o [4]
__aeabi_fdiv            0x00000e31          Code  Gb  FltDiv.o [4]
__aeabi_fmul            0x00001039          Code  Gb  FltMul.o [4]
__aeabi_fsub            0x00000f51          Code  Gb  FltSub.o [4]
__aeabi_i2f             0x00000d7d          Code  Gb  I32ToFlt.o [4]
__as_entries_start      0xffffffff           --   Gb  command line/config [2]
__as_table_start        0xffffffff           --   Gb  command line/config [2]
__cmain                 0x00003ea5          Code  Gb  cmain.o [5]
__code_start__ {Abs}    0x00000410           --   Gb  command line/config [2]
__exit                  0x00003ed5    0x14  Code  Gb  exit.o [6]
__iar_data_init3        0x00003d79    0x28  Code  Gb  data_init.o [5]
__iar_fadd              0x00000dbd          Code  Gb  FltAdd.o [4]
__iar_fsub              0x00000f61          Code  Gb  FltSub.o [4]
__iar_fsubStart         0x00000f71          Code  Gb  FltSub.o [4]
__iar_program_start     0x00004159          Code  Gb  cstartup_M.o [5]
__iar_ui2f              0x00000d91          Code  Gb  I32ToFlt.o [4]
__iar_zero_init3        0x00000d5b    0x22  Code  Gb  zero_init3.o [5]
__low_level_init        0x00003ebf     0x4  Code  Gb  low_level_init.o [3]
__vector_table          0x00000000   0x410  Data  Gb  vectors.o [1]
_call_main              0x00003eb1          Code  Gb  cmain.o [5]
_exit                   0x00003ec9          Code  Gb  cexit.o [5]
_main                   0x00003ebb          Code  Gb  cmain.o [5]
assert_failed           0x00001ab5    0x20  Code  Gb  assert.o [1]
bus_clk_khz             0x1fff2254     0x4  Data  Gb  sysinit.o [1]
common_startup          0x00002aa9    0xc0  Code  Gb  startup.o [1]
core_clk_khz            0x1fff224c     0x4  Data  Gb  sysinit.o [1]
core_clk_mhz            0x1fff2250     0x4  Data  Gb  sysinit.o [1]
count_init              0x1fff0554    0x40  Data  Gb  dma.o [1]
cpu_identify            0x0000267f   0x20a  Code  Gb  start.o [1]
default_isr             0x00000dab     0x2  Code  Gb  vectors.o [1]
delayms                 0x0000250d    0x1e  Code  Gb  delay.o [1]
disable_irq             0x00002c87    0x5e  Code  Gb  arm_cm4.o [1]
enable_irq              0x00002bf3    0x94  Code  Gb  arm_cm4.o [1]
exit                    0x00003ec3     0x4  Code  Gb  exit.o [3]
exti_init               0x000036a5    0x6c  Code  Gb  exti.o [1]
flash_identify          0x00002889    0xbe  Code  Gb  start.o [1]
gpio_get                0x00001263    0x26  Code  Gb  gpio.o [1]
gpio_init               0x00001151    0xb8  Code  Gb  gpio.o [1]
gpio_set                0x00001209    0x5a  Code  Gb  gpio.o [1]
jiana                   0x1fff059c     0x4  Data  Gb  GetBound.o [1]
led                     0x00001f31    0x1e  Code  Gb  LED.o [1]
main                    0x00002bc5    0x28  Code  Gb  main.o [1]
mcg_div                 0x1fff04a8     0x8  Data  Gb  mcg.o [1]
mode                    0x1fff2258     0x1  Data  Gb  Control.o [1]
out_char                0x00004119    0x10  Code  Gb  io.o [1]
p                       0x1fff2244     0x4  Data  Gb  isr.o [1]
pit_init                0x000033dd    0x62  Code  Gb  PIT.o [1]
pll_init                0x00002d51   0x304  Code  Gb  mcg.o [1]
printf                  0x000024e3    0x26  Code  Gb  printf.o [1]
printk                  0x000020d9   0x40a  Code  Gb  printf.o [1]
printk_mknumstr         0x00001fe3    0xaa  Code  Lc  printf.o [1]
printk_pad_space        0x000020b3    0x26  Code  Lc  printf.o [1]
printk_pad_zero         0x0000208d    0x26  Code  Lc  printf.o [1]
printk_putc             0x00001fb1    0x32  Code  Lc  printf.o [1]
pro_init                0x00003261   0x176  Code  Gb  init.o [1]
set_irq_priority        0x00002ce5    0x2a  Code  Gb  arm_cm4.o [1]
set_sys_dividers        0x1fff04c9    0x50  Code  Gb  mcg.o [1]
start                   0x00002551   0x12e  Code  Gb  start.o [1]
strlen                  0x00002531    0x20  Code  Gb  stdlib.o [1]
sysinit                 0x00002b69    0x48  Code  Gb  sysinit.o [1]
time                    0x1fff0410     0x4  Data  Gb  Control.o [1]
uart_init               0x00003055   0x1ae  Code  Gb  uart.o [1]
uart_putchar            0x00003203    0x1a  Code  Gb  uart.o [1]
water_lights            0x00001f4f    0x5c  Code  Gb  LED.o [1]
wdog_disable            0x00002a71    0x16  Code  Gb  wdog.o [1]
wdog_unlock             0x00002a89    0x16  Code  Gb  wdog.o [1]
write_vtor              0x00002bed     0x6  Code  Gb  arm_cm4.o [1]
yuzhi                   0x1fff0478     0x4  Data  Gb  GetBound.o [1]


[1] = F:\IC\CameraCar_1.0_K60_new1\build\dma_demo\Debug\Obj
[2] = command line
[3] = dl7M_tln.a
[4] = m7M_tl.a
[5] = rt7M_tl.a
[6] = shb_l.a

  13 796 bytes of readonly  code memory
      80 bytes of readwrite code memory
   3 008 bytes of readonly  data memory
   7 676 bytes of readwrite data memory

Errors: none
Warnings: none
